# serializer version: 1
# name: test_dk_get_graph_data_snapshot[Electricity-Consumption-day]
  list([
    dict({
      'aconto': 141.2626,
      'corresponding': 305.0964,
      'cumulativePrice': 282.666,
      'date': '2025-12-10T00:00:00',
      'dateValueTemplate': '10-12-2025',
      'formerPeriode': 0.2146,
      'headline': 'Electricity consumption {Value} ',
      'interval': 0,
      'maxValue': 4.8884,
      'message': '{PeriodeFrom}',
      'minValue': 3.5091,
      'national': None,
      'nationalProcentage': None,
      'outsideTemperature': None,
      'percent': None,
      'periodeFrom': '10-12-2025',
      'periodeTo': '11-12-2025',
      'price': 3.6724,
      'priceValue': 6,
      'property': 248.125,
      'propertyProcentage': 19657.4962,
      'seriesSetup': None,
      'stopDate': None,
      'value': 5,
      'when': '10-12-2025',
    }),
    dict({
      'aconto': 102.1635,
      'corresponding': 162.7855,
      'cumulativePrice': 183.1859,
      'date': '2025-12-11T00:00:00',
      'dateValueTemplate': '11-12-2025',
      'formerPeriode': 1.9777,
      'headline': 'Electricity consumption {Value} ',
      'interval': 0,
      'maxValue': 4.9474,
      'message': '{PeriodeFrom}',
      'minValue': 2.0279,
      'national': None,
      'nationalProcentage': None,
      'outsideTemperature': None,
      'percent': None,
      'periodeFrom': '11-12-2025',
      'periodeTo': '12-12-2025',
      'price': 3.9158,
      'priceValue': 1,
      'property': 348.6593,
      'propertyProcentage': 11609.3624,
      'seriesSetup': None,
      'stopDate': None,
      'value': 1,
      'when': '11-12-2025',
    }),
    dict({
      'aconto': 93.9268,
      'corresponding': 248.8821,
      'cumulativePrice': 549.0132,
      'date': '2025-12-12T00:00:00',
      'dateValueTemplate': '12-12-2025',
      'formerPeriode': 1.2974,
      'headline': 'Electricity consumption {Value} ',
      'interval': 0,
      'maxValue': 3.9487,
      'message': '{PeriodeFrom}',
      'minValue': 2.5881,
      'national': None,
      'nationalProcentage': None,
      'outsideTemperature': None,
      'percent': None,
      'periodeFrom': '12-12-2025',
      'periodeTo': '13-12-2025',
      'price': 4.0972,
      'priceValue': 9,
      'property': 208.7437,
      'propertyProcentage': 7607.1837,
      'seriesSetup': None,
      'stopDate': None,
      'value': 1,
      'when': '12-12-2025',
    }),
    dict({
      'aconto': 99.1141,
      'corresponding': 117.3729,
      'cumulativePrice': 258.8419,
      'date': '2025-12-13T00:00:00',
      'dateValueTemplate': '13-12-2025',
      'formerPeriode': 0.7805,
      'headline': 'Electricity consumption {Value} ',
      'interval': 0,
      'maxValue': 4.0224,
      'message': '{PeriodeFrom}',
      'minValue': 3.4872,
      'national': None,
      'nationalProcentage': None,
      'outsideTemperature': None,
      'percent': None,
      'periodeFrom': '13-12-2025',
      'periodeTo': '14-12-2025',
      'price': 2.9188,
      'priceValue': 3,
      'property': 412.604,
      'propertyProcentage': 12285.2173,
      'seriesSetup': None,
      'stopDate': None,
      'value': 7,
      'when': '13-12-2025',
    }),
    dict({
      'aconto': 139.5155,
      'corresponding': 151.004,
      'cumulativePrice': 117.8975,
      'date': '2025-12-14T00:00:00',
      'dateValueTemplate': '14-12-2025',
      'formerPeriode': 0.3241,
      'headline': 'Electricity consumption {Value} ',
      'interval': 0,
      'maxValue': 3.171,
      'message': '{PeriodeFrom}',
      'minValue': 1.7173,
      'national': None,
      'nationalProcentage': None,
      'outsideTemperature': None,
      'percent': None,
      'periodeFrom': '14-12-2025',
      'periodeTo': '15-12-2025',
      'price': 4.0299,
      'priceValue': 9,
      'property': 465.7053,
      'propertyProcentage': 19968.7945,
      'seriesSetup': None,
      'stopDate': None,
      'value': 1,
      'when': '14-12-2025',
    }),
    dict({
      'aconto': 65.9984,
      'corresponding': 317.5712,
      'cumulativePrice': 533.6615,
      'date': '2025-12-15T00:00:00',
      'dateValueTemplate': '15-12-2025',
      'formerPeriode': 1.3161,
      'headline': 'Electricity consumption {Value} ',
      'interval': 0,
      'maxValue': 4.1818,
      'message': '{PeriodeFrom}',
      'minValue': 3.0901,
      'national': None,
      'nationalProcentage': None,
      'outsideTemperature': None,
      'percent': None,
      'periodeFrom': '15-12-2025',
      'periodeTo': '16-12-2025',
      'price': 3.1668,
      'priceValue': 4,
      'property': 484.4162,
      'propertyProcentage': 15627.4375,
      'seriesSetup': None,
      'stopDate': None,
      'value': 3,
      'when': '15-12-2025',
    }),
    dict({
      'aconto': 75.3786,
      'corresponding': 392.2029,
      'cumulativePrice': 451.7047,
      'date': '2025-12-16T00:00:00',
      'dateValueTemplate': '16-12-2025',
      'formerPeriode': 1.8619,
      'headline': 'Electricity consumption {Value} ',
      'interval': 0,
      'maxValue': 1.4218,
      'message': '{PeriodeFrom}',
      'minValue': 1.1742,
      'national': None,
      'nationalProcentage': None,
      'outsideTemperature': None,
      'percent': None,
      'periodeFrom': '16-12-2025',
      'periodeTo': '17-12-2025',
      'price': 3.1723,
      'priceValue': 9,
      'property': 483.719,
      'propertyProcentage': 19669.4672,
      'seriesSetup': None,
      'stopDate': None,
      'value': 5,
      'when': '16-12-2025',
    }),
    dict({
      'aconto': 145.4014,
      'corresponding': 132.3229,
      'cumulativePrice': 267.4728,
      'date': '2025-12-17T00:00:00',
      'dateValueTemplate': '17-12-2025',
      'formerPeriode': 0.5277,
      'headline': 'Electricity consumption {Value} ',
      'interval': 0,
      'maxValue': 1.003,
      'message': '{PeriodeFrom}',
      'minValue': 4.5854,
      'national': None,
      'nationalProcentage': None,
      'outsideTemperature': None,
      'percent': None,
      'periodeFrom': '17-12-2025',
      'periodeTo': '18-12-2025',
      'price': 2.4956,
      'priceValue': 9,
      'property': 211.428,
      'propertyProcentage': 5500.1303,
      'seriesSetup': None,
      'stopDate': None,
      'value': 6,
      'when': '17-12-2025',
    }),
    dict({
      'aconto': 132.0075,
      'corresponding': 398.541,
      'cumulativePrice': 429.1287,
      'date': '2025-12-18T00:00:00',
      'dateValueTemplate': '18-12-2025',
      'formerPeriode': 1.3521,
      'headline': 'Electricity consumption {Value} ',
      'interval': 0,
      'maxValue': 2.7534,
      'message': '{PeriodeFrom}',
      'minValue': 4.7038,
      'national': None,
      'nationalProcentage': None,
      'outsideTemperature': None,
      'percent': None,
      'periodeFrom': '18-12-2025',
      'periodeTo': '19-12-2025',
      'price': 3.622,
      'priceValue': 10,
      'property': 390.4928,
      'propertyProcentage': 15747.078,
      'seriesSetup': None,
      'stopDate': None,
      'value': 2,
      'when': '18-12-2025',
    }),
    dict({
      'aconto': 81.073,
      'corresponding': 119.4393,
      'cumulativePrice': 359.3517,
      'date': '2025-12-19T00:00:00',
      'dateValueTemplate': '19-12-2025',
      'formerPeriode': 1.8942,
      'headline': 'Electricity consumption {Value} ',
      'interval': 0,
      'maxValue': 3.917,
      'message': '{PeriodeFrom}',
      'minValue': 4.4182,
      'national': None,
      'nationalProcentage': None,
      'outsideTemperature': None,
      'percent': None,
      'periodeFrom': '19-12-2025',
      'periodeTo': '20-12-2025',
      'price': 4.9541,
      'priceValue': 1,
      'property': 277.5023,
      'propertyProcentage': 5250.271,
      'seriesSetup': None,
      'stopDate': None,
      'value': 7,
      'when': '19-12-2025',
    }),
    dict({
      'aconto': 135.7708,
      'corresponding': 228.63,
      'cumulativePrice': 487.0275,
      'date': '2025-12-20T00:00:00',
      'dateValueTemplate': '20-12-2025',
      'formerPeriode': 1.236,
      'headline': 'Electricity consumption {Value} ',
      'interval': 0,
      'maxValue': 4.9058,
      'message': '{PeriodeFrom}',
      'minValue': 2.3943,
      'national': None,
      'nationalProcentage': None,
      'outsideTemperature': None,
      'percent': None,
      'periodeFrom': '20-12-2025',
      'periodeTo': '21-12-2025',
      'price': 3.8701,
      'priceValue': 9,
      'property': 315.6442,
      'propertyProcentage': 19235.7851,
      'seriesSetup': None,
      'stopDate': None,
      'value': 10,
      'when': '20-12-2025',
    }),
    dict({
      'aconto': 52.3201,
      'corresponding': 370.2557,
      'cumulativePrice': 578.7383,
      'date': '2025-12-21T00:00:00',
      'dateValueTemplate': '21-12-2025',
      'formerPeriode': 0.9974,
      'headline': 'Electricity consumption {Value} ',
      'interval': 0,
      'maxValue': 3.4594,
      'message': '{PeriodeFrom}',
      'minValue': 4.777,
      'national': None,
      'nationalProcentage': None,
      'outsideTemperature': None,
      'percent': None,
      'periodeFrom': '21-12-2025',
      'periodeTo': '22-12-2025',
      'price': 2.7639,
      'priceValue': 1,
      'property': 328.5869,
      'propertyProcentage': 15187.4747,
      'seriesSetup': None,
      'stopDate': None,
      'value': 1,
      'when': '21-12-2025',
    }),
    dict({
      'aconto': 145.6279,
      'corresponding': 166.5782,
      'cumulativePrice': 425.0411,
      'date': '2025-12-22T00:00:00',
      'dateValueTemplate': '22-12-2025',
      'formerPeriode': 0.4437,
      'headline': 'Electricity consumption {Value} ',
      'interval': 0,
      'maxValue': 1.4264,
      'message': '{PeriodeFrom}',
      'minValue': 4.3071,
      'national': None,
      'nationalProcentage': None,
      'outsideTemperature': None,
      'percent': None,
      'periodeFrom': '22-12-2025',
      'periodeTo': '23-12-2025',
      'price': 4.8061,
      'priceValue': 5,
      'property': 407.6469,
      'propertyProcentage': 11265.1915,
      'seriesSetup': None,
      'stopDate': None,
      'value': 8,
      'when': '22-12-2025',
    }),
    dict({
      'aconto': 81.4332,
      'corresponding': 294.2758,
      'cumulativePrice': 136.3553,
      'date': '2025-12-23T00:00:00',
      'dateValueTemplate': '23-12-2025',
      'formerPeriode': 1.1693,
      'headline': 'Electricity consumption {Value} ',
      'interval': 0,
      'maxValue': 1.5036,
      'message': '{PeriodeFrom}',
      'minValue': 2.1768,
      'national': None,
      'nationalProcentage': None,
      'outsideTemperature': None,
      'percent': None,
      'periodeFrom': '23-12-2025',
      'periodeTo': '24-12-2025',
      'price': 4.2227,
      'priceValue': 9,
      'property': 265.5348,
      'propertyProcentage': 10295.0264,
      'seriesSetup': None,
      'stopDate': None,
      'value': 1,
      'when': '23-12-2025',
    }),
    dict({
      'aconto': 108.2387,
      'corresponding': 263.2696,
      'cumulativePrice': 170.4066,
      'date': '2025-12-24T00:00:00',
      'dateValueTemplate': '24-12-2025',
      'formerPeriode': 0.9021,
      'headline': 'Electricity consumption {Value} ',
      'interval': 0,
      'maxValue': 3.0144,
      'message': '{PeriodeFrom}',
      'minValue': 2.5468,
      'national': None,
      'nationalProcentage': None,
      'outsideTemperature': None,
      'percent': None,
      'periodeFrom': '24-12-2025',
      'periodeTo': '25-12-2025',
      'price': 4.7202,
      'priceValue': 10,
      'property': 486.9099,
      'propertyProcentage': 7162.8721,
      'seriesSetup': None,
      'stopDate': None,
      'value': 10,
      'when': '24-12-2025',
    }),
    dict({
      'aconto': 77.3815,
      'corresponding': 205.8395,
      'cumulativePrice': 199.064,
      'date': '2025-12-25T00:00:00',
      'dateValueTemplate': '25-12-2025',
      'formerPeriode': 0.4008,
      'headline': 'Electricity consumption {Value} ',
      'interval': 0,
      'maxValue': 2.6338,
      'message': '{PeriodeFrom}',
      'minValue': 4.6875,
      'national': None,
      'nationalProcentage': None,
      'outsideTemperature': None,
      'percent': None,
      'periodeFrom': '25-12-2025',
      'periodeTo': '26-12-2025',
      'price': 4.6495,
      'priceValue': 6,
      'property': 352.0605,
      'propertyProcentage': 19631.6421,
      'seriesSetup': None,
      'stopDate': None,
      'value': 5,
      'when': '25-12-2025',
    }),
    dict({
      'aconto': 104.1846,
      'corresponding': 147.9053,
      'cumulativePrice': 495.2499,
      'date': '2025-12-26T00:00:00',
      'dateValueTemplate': '26-12-2025',
      'formerPeriode': 1.0902,
      'headline': 'Electricity consumption {Value} ',
      'interval': 0,
      'maxValue': 1.3935,
      'message': '{PeriodeFrom}',
      'minValue': 1.9062,
      'national': None,
      'nationalProcentage': None,
      'outsideTemperature': None,
      'percent': None,
      'periodeFrom': '26-12-2025',
      'periodeTo': '27-12-2025',
      'price': 4.941,
      'priceValue': 8,
      'property': 385.2607,
      'propertyProcentage': 8438.3578,
      'seriesSetup': None,
      'stopDate': None,
      'value': 8,
      'when': '26-12-2025',
    }),
    dict({
      'aconto': 107.461,
      'corresponding': 335.5905,
      'cumulativePrice': 521.0124,
      'date': '2025-12-27T00:00:00',
      'dateValueTemplate': '27-12-2025',
      'formerPeriode': 1.9782,
      'headline': 'Electricity consumption {Value} ',
      'interval': 0,
      'maxValue': 1.6423,
      'message': '{PeriodeFrom}',
      'minValue': 4.8432,
      'national': None,
      'nationalProcentage': None,
      'outsideTemperature': None,
      'percent': None,
      'periodeFrom': '27-12-2025',
      'periodeTo': '28-12-2025',
      'price': 4.0818,
      'priceValue': 6,
      'property': 332.1175,
      'propertyProcentage': 19814.5787,
      'seriesSetup': None,
      'stopDate': None,
      'value': 3,
      'when': '27-12-2025',
    }),
    dict({
      'aconto': 128.8759,
      'corresponding': 271.737,
      'cumulativePrice': 491.6658,
      'date': '2025-12-28T00:00:00',
      'dateValueTemplate': '28-12-2025',
      'formerPeriode': 1.1723,
      'headline': 'Electricity consumption {Value} ',
      'interval': 0,
      'maxValue': 3.178,
      'message': '{PeriodeFrom}',
      'minValue': 3.5105,
      'national': None,
      'nationalProcentage': None,
      'outsideTemperature': None,
      'percent': None,
      'periodeFrom': '28-12-2025',
      'periodeTo': '29-12-2025',
      'price': 2.9685,
      'priceValue': 2,
      'property': 455.5836,
      'propertyProcentage': 6576.9999,
      'seriesSetup': None,
      'stopDate': None,
      'value': 3,
      'when': '28-12-2025',
    }),
    dict({
      'aconto': 91.2475,
      'corresponding': 265.3149,
      'cumulativePrice': 555.007,
      'date': '2025-12-29T00:00:00',
      'dateValueTemplate': '29-12-2025',
      'formerPeriode': 1.2556,
      'headline': 'Electricity consumption {Value} ',
      'interval': 0,
      'maxValue': 2.9168,
      'message': '{PeriodeFrom}',
      'minValue': 2.1644,
      'national': None,
      'nationalProcentage': None,
      'outsideTemperature': None,
      'percent': None,
      'periodeFrom': '29-12-2025',
      'periodeTo': '30-12-2025',
      'price': 4.6314,
      'priceValue': 8,
      'property': 384.0439,
      'propertyProcentage': 13727.8376,
      'seriesSetup': None,
      'stopDate': None,
      'value': 1,
      'when': '29-12-2025',
    }),
    dict({
      'aconto': 94.5955,
      'corresponding': 254.4502,
      'cumulativePrice': 221.3065,
      'date': '2025-12-30T00:00:00',
      'dateValueTemplate': '30-12-2025',
      'formerPeriode': 1.7314,
      'headline': 'Electricity consumption {Value} ',
      'interval': 0,
      'maxValue': 3.0159,
      'message': '{PeriodeFrom}',
      'minValue': 4.6067,
      'national': None,
      'nationalProcentage': None,
      'outsideTemperature': None,
      'percent': None,
      'periodeFrom': '30-12-2025',
      'periodeTo': '31-12-2025',
      'price': 3.6386,
      'priceValue': 6,
      'property': 464.574,
      'propertyProcentage': 11852.8824,
      'seriesSetup': None,
      'stopDate': None,
      'value': 2,
      'when': '30-12-2025',
    }),
    dict({
      'aconto': 78.4115,
      'corresponding': 389.8309,
      'cumulativePrice': 272.2546,
      'date': '2025-12-31T00:00:00',
      'dateValueTemplate': '31-12-2025',
      'formerPeriode': 0.7947,
      'headline': 'Electricity consumption {Value} ',
      'interval': 0,
      'maxValue': 4.4517,
      'message': '{PeriodeFrom}',
      'minValue': 1.5365,
      'national': None,
      'nationalProcentage': None,
      'outsideTemperature': None,
      'percent': None,
      'periodeFrom': '31-12-2025',
      'periodeTo': '01-01-2026',
      'price': 4.4746,
      'priceValue': 9,
      'property': 457.8749,
      'propertyProcentage': 7907.1005,
      'seriesSetup': None,
      'stopDate': None,
      'value': 10,
      'when': '31-12-2025',
    }),
    dict({
      'aconto': 69.4153,
      'corresponding': 267.4742,
      'cumulativePrice': 239.6869,
      'date': '2026-01-01T00:00:00',
      'dateValueTemplate': '01-01-2026',
      'formerPeriode': 0.2622,
      'headline': 'Electricity consumption {Value} ',
      'interval': 0,
      'maxValue': 2.9588,
      'message': '{PeriodeFrom}',
      'minValue': 3.5798,
      'national': None,
      'nationalProcentage': None,
      'outsideTemperature': None,
      'percent': None,
      'periodeFrom': '01-01-2026',
      'periodeTo': '02-01-2026',
      'price': 3.839,
      'priceValue': 6,
      'property': 388.0117,
      'propertyProcentage': 15194.6438,
      'seriesSetup': None,
      'stopDate': None,
      'value': 4,
      'when': '01-01-2026',
    }),
    dict({
      'aconto': 115.3806,
      'corresponding': 162.2898,
      'cumulativePrice': 337,
      'date': '2026-01-02T00:00:00',
      'dateValueTemplate': '02-01-2026',
      'formerPeriode': 0.2503,
      'headline': 'Electricity consumption {Value} ',
      'interval': 0,
      'maxValue': 2.2315,
      'message': '{PeriodeFrom}',
      'minValue': 3.3347,
      'national': None,
      'nationalProcentage': None,
      'outsideTemperature': None,
      'percent': None,
      'periodeFrom': '02-01-2026',
      'periodeTo': '03-01-2026',
      'price': 3.4193,
      'priceValue': 6,
      'property': 313.5107,
      'propertyProcentage': 10965.2667,
      'seriesSetup': None,
      'stopDate': None,
      'value': 5,
      'when': '02-01-2026',
    }),
    dict({
      'aconto': 59.3876,
      'corresponding': 183.5742,
      'cumulativePrice': 536.3669,
      'date': '2026-01-03T00:00:00',
      'dateValueTemplate': '03-01-2026',
      'formerPeriode': 0.296,
      'headline': 'Electricity consumption {Value} ',
      'interval': 0,
      'maxValue': 2.567,
      'message': '{PeriodeFrom}',
      'minValue': 1.1883,
      'national': None,
      'nationalProcentage': None,
      'outsideTemperature': None,
      'percent': None,
      'periodeFrom': '03-01-2026',
      'periodeTo': '04-01-2026',
      'price': 2.6884,
      'priceValue': 1,
      'property': 492.67,
      'propertyProcentage': 7447.5056,
      'seriesSetup': None,
      'stopDate': None,
      'value': 6,
      'when': '03-01-2026',
    }),
    dict({
      'aconto': 138,
      'corresponding': 299.9452,
      'cumulativePrice': 139.5232,
      'date': '2026-01-04T00:00:00',
      'dateValueTemplate': '04-01-2026',
      'formerPeriode': 0.7452,
      'headline': 'Electricity consumption {Value} ',
      'interval': 0,
      'maxValue': 2.4946,
      'message': '{PeriodeFrom}',
      'minValue': 2.4292,
      'national': None,
      'nationalProcentage': None,
      'outsideTemperature': None,
      'percent': None,
      'periodeFrom': '04-01-2026',
      'periodeTo': '05-01-2026',
      'price': 3.6495,
      'priceValue': 3,
      'property': 269.9479,
      'propertyProcentage': 18929.1597,
      'seriesSetup': None,
      'stopDate': None,
      'value': 9,
      'when': '04-01-2026',
    }),
    dict({
      'aconto': 101.3293,
      'corresponding': 372.2536,
      'cumulativePrice': 115.7906,
      'date': '2026-01-05T00:00:00',
      'dateValueTemplate': '05-01-2026',
      'formerPeriode': 0.4353,
      'headline': 'Electricity consumption {Value} ',
      'interval': 0,
      'maxValue': 1.4121,
      'message': '{PeriodeFrom}',
      'minValue': 2.3769,
      'national': None,
      'nationalProcentage': None,
      'outsideTemperature': None,
      'percent': None,
      'periodeFrom': '05-01-2026',
      'periodeTo': '06-01-2026',
      'price': 2.4516,
      'priceValue': 6,
      'property': 451.1882,
      'propertyProcentage': 17005.5557,
      'seriesSetup': None,
      'stopDate': None,
      'value': 4,
      'when': '05-01-2026',
    }),
    dict({
      'aconto': 107.8206,
      'corresponding': 387.1647,
      'cumulativePrice': 366.9209,
      'date': '2026-01-06T00:00:00',
      'dateValueTemplate': '06-01-2026',
      'formerPeriode': 1.1951,
      'headline': 'Electricity consumption {Value} ',
      'interval': 0,
      'maxValue': 3.0484,
      'message': '{PeriodeFrom}',
      'minValue': 3.8602,
      'national': None,
      'nationalProcentage': None,
      'outsideTemperature': None,
      'percent': None,
      'periodeFrom': '06-01-2026',
      'periodeTo': '07-01-2026',
      'price': 1.4322,
      'priceValue': 2,
      'property': 365.4422,
      'propertyProcentage': 17417.8393,
      'seriesSetup': None,
      'stopDate': None,
      'value': 3,
      'when': '06-01-2026',
    }),
    dict({
      'aconto': 141.6586,
      'corresponding': 135.5292,
      'cumulativePrice': 214.8376,
      'date': '2026-01-07T00:00:00',
      'dateValueTemplate': '07-01-2026',
      'formerPeriode': 1.3905,
      'headline': 'Electricity consumption {Value} ',
      'interval': 0,
      'maxValue': 1.6342,
      'message': '{PeriodeFrom}',
      'minValue': 1.1055,
      'national': None,
      'nationalProcentage': None,
      'outsideTemperature': None,
      'percent': None,
      'periodeFrom': '07-01-2026',
      'periodeTo': '08-01-2026',
      'price': 2.5871,
      'priceValue': 9,
      'property': 237.856,
      'propertyProcentage': 7133.2464,
      'seriesSetup': None,
      'stopDate': None,
      'value': 6,
      'when': '07-01-2026',
    }),
    dict({
      'aconto': 92.7881,
      'corresponding': 347.0398,
      'cumulativePrice': 441.0212,
      'date': '2026-01-08T00:00:00',
      'dateValueTemplate': '08-01-2026',
      'formerPeriode': 0.8281,
      'headline': 'Electricity consumption {Value} ',
      'interval': 0,
      'maxValue': 1.6624,
      'message': '{PeriodeFrom}',
      'minValue': 3.7997,
      'national': None,
      'nationalProcentage': None,
      'outsideTemperature': None,
      'percent': None,
      'periodeFrom': '08-01-2026',
      'periodeTo': '09-01-2026',
      'price': 1.8252,
      'priceValue': 6,
      'property': 333.4583,
      'propertyProcentage': 19112.7378,
      'seriesSetup': None,
      'stopDate': None,
      'value': 9,
      'when': '08-01-2026',
    }),
    dict({
      'aconto': 147.0225,
      'corresponding': 108.7729,
      'cumulativePrice': 219.2629,
      'date': '2026-01-09T00:00:00',
      'dateValueTemplate': '09-01-2026',
      'formerPeriode': 1.7793,
      'headline': 'Electricity consumption {Value} ',
      'interval': 0,
      'maxValue': 2.4127,
      'message': '{PeriodeFrom}',
      'minValue': 1.0664,
      'national': None,
      'nationalProcentage': None,
      'outsideTemperature': None,
      'percent': None,
      'periodeFrom': '09-01-2026',
      'periodeTo': '10-01-2026',
      'price': 4.6648,
      'priceValue': 10,
      'property': 426.373,
      'propertyProcentage': 17477.708,
      'seriesSetup': None,
      'stopDate': None,
      'value': 3,
      'when': '09-01-2026',
    }),
    dict({
      'aconto': 61.179,
      'corresponding': 331.8818,
      'cumulativePrice': 499.8202,
      'date': '2026-01-10T00:00:00',
      'dateValueTemplate': '10-01-2026',
      'formerPeriode': 1.6635,
      'headline': 'Electricity consumption {Value} ',
      'interval': 0,
      'maxValue': 2.6375,
      'message': '{PeriodeFrom}',
      'minValue': 3.2857,
      'national': None,
      'nationalProcentage': None,
      'outsideTemperature': None,
      'percent': None,
      'periodeFrom': '10-01-2026',
      'periodeTo': '11-01-2026',
      'price': 2.712,
      'priceValue': 10,
      'property': 481.4909,
      'propertyProcentage': 19070.0328,
      'seriesSetup': None,
      'stopDate': None,
      'value': 1,
      'when': '10-01-2026',
    }),
    dict({
      'aconto': 92.0099,
      'corresponding': 111.2947,
      'cumulativePrice': 433.2898,
      'date': '2026-01-11T00:00:00',
      'dateValueTemplate': '11-01-2026',
      'formerPeriode': 1.3519,
      'headline': 'Electricity consumption {Value} ',
      'interval': 0,
      'maxValue': 4.082,
      'message': '{PeriodeFrom}',
      'minValue': 4.2031,
      'national': None,
      'nationalProcentage': None,
      'outsideTemperature': None,
      'percent': None,
      'periodeFrom': '11-01-2026',
      'periodeTo': '12-01-2026',
      'price': 2.1124,
      'priceValue': 4,
      'property': 349.5444,
      'propertyProcentage': 18367.5568,
      'seriesSetup': None,
      'stopDate': None,
      'value': 2,
      'when': '11-01-2026',
    }),
    dict({
      'aconto': 124.3636,
      'corresponding': 342.013,
      'cumulativePrice': 381.7119,
      'date': '2026-01-12T00:00:00',
      'dateValueTemplate': '12-01-2026',
      'formerPeriode': 0.7273,
      'headline': 'Electricity consumption {Value} ',
      'interval': 0,
      'maxValue': 4.2815,
      'message': '{PeriodeFrom}',
      'minValue': 4.2546,
      'national': None,
      'nationalProcentage': None,
      'outsideTemperature': None,
      'percent': None,
      'periodeFrom': '12-01-2026',
      'periodeTo': '13-01-2026',
      'price': 2.7823,
      'priceValue': 7,
      'property': 312.4419,
      'propertyProcentage': 19371.4619,
      'seriesSetup': None,
      'stopDate': None,
      'value': 10,
      'when': '12-01-2026',
    }),
    dict({
      'aconto': 92.2019,
      'corresponding': 310.2677,
      'cumulativePrice': 447.0186,
      'date': '2026-01-13T00:00:00',
      'dateValueTemplate': '13-01-2026',
      'formerPeriode': 1.952,
      'headline': 'Electricity consumption {Value} ',
      'interval': 0,
      'maxValue': 2.3906,
      'message': '{PeriodeFrom}',
      'minValue': 4.4701,
      'national': None,
      'nationalProcentage': None,
      'outsideTemperature': None,
      'percent': None,
      'periodeFrom': '13-01-2026',
      'periodeTo': '14-01-2026',
      'price': 1.0749,
      'priceValue': 1,
      'property': 480.9875,
      'propertyProcentage': 13688.4307,
      'seriesSetup': None,
      'stopDate': None,
      'value': 5,
      'when': '13-01-2026',
    }),
    dict({
      'aconto': 60.516,
      'corresponding': 219.6835,
      'cumulativePrice': 520.2407,
      'date': '2026-01-14T00:00:00',
      'dateValueTemplate': '14-01-2026',
      'formerPeriode': 1.4769,
      'headline': 'Electricity consumption {Value} ',
      'interval': 0,
      'maxValue': 1.8043,
      'message': '{PeriodeFrom}',
      'minValue': 3.4711,
      'national': None,
      'nationalProcentage': None,
      'outsideTemperature': None,
      'percent': None,
      'periodeFrom': '14-01-2026',
      'periodeTo': '15-01-2026',
      'price': 1.0978,
      'priceValue': 6,
      'property': 414.5544,
      'propertyProcentage': 9793.3439,
      'seriesSetup': None,
      'stopDate': None,
      'value': 4,
      'when': '14-01-2026',
    }),
    dict({
      'aconto': 102.0193,
      'corresponding': 179.2567,
      'cumulativePrice': 243.5415,
      'date': '2026-01-15T00:00:00',
      'dateValueTemplate': '15-01-2026',
      'formerPeriode': 0.2549,
      'headline': 'Electricity consumption {Value} ',
      'interval': 0,
      'maxValue': 4.0929,
      'message': '{PeriodeFrom}',
      'minValue': 3.0051,
      'national': None,
      'nationalProcentage': None,
      'outsideTemperature': None,
      'percent': None,
      'periodeFrom': '15-01-2026',
      'periodeTo': '16-01-2026',
      'price': 2.3065,
      'priceValue': 10,
      'property': 331.9661,
      'propertyProcentage': 12185.6108,
      'seriesSetup': None,
      'stopDate': None,
      'value': 2,
      'when': '15-01-2026',
    }),
    dict({
      'aconto': 81.9232,
      'corresponding': 159.2078,
      'cumulativePrice': 474.547,
      'date': '2026-01-16T00:00:00',
      'dateValueTemplate': '16-01-2026',
      'formerPeriode': 0.6529,
      'headline': 'Electricity consumption {Value} ',
      'interval': 0,
      'maxValue': 2.6213,
      'message': '{PeriodeFrom}',
      'minValue': 2.7176,
      'national': None,
      'nationalProcentage': None,
      'outsideTemperature': None,
      'percent': None,
      'periodeFrom': '16-01-2026',
      'periodeTo': '17-01-2026',
      'price': 3.8782,
      'priceValue': 6,
      'property': 376.6548,
      'propertyProcentage': 9952.4108,
      'seriesSetup': None,
      'stopDate': None,
      'value': 10,
      'when': '16-01-2026',
    }),
    dict({
      'aconto': 64.524,
      'corresponding': 375.8557,
      'cumulativePrice': 120.2833,
      'date': '2026-01-17T00:00:00',
      'dateValueTemplate': '17-01-2026',
      'formerPeriode': 0.2751,
      'headline': 'Electricity consumption {Value} ',
      'interval': 0,
      'maxValue': 4.6833,
      'message': '{PeriodeFrom}',
      'minValue': 3.852,
      'national': None,
      'nationalProcentage': None,
      'outsideTemperature': None,
      'percent': None,
      'periodeFrom': '17-01-2026',
      'periodeTo': '18-01-2026',
      'price': 4.5513,
      'priceValue': 10,
      'property': 453.0159,
      'propertyProcentage': 16736.2998,
      'seriesSetup': None,
      'stopDate': None,
      'value': 7,
      'when': '17-01-2026',
    }),
    dict({
      'aconto': 96.2359,
      'corresponding': 111.1373,
      'cumulativePrice': 261.1228,
      'date': '2026-01-18T00:00:00',
      'dateValueTemplate': '18-01-2026',
      'formerPeriode': 1.3554,
      'headline': 'Electricity consumption {Value} ',
      'interval': 0,
      'maxValue': 3.8161,
      'message': '{PeriodeFrom}',
      'minValue': 3.7407,
      'national': None,
      'nationalProcentage': None,
      'outsideTemperature': None,
      'percent': None,
      'periodeFrom': '18-01-2026',
      'periodeTo': '19-01-2026',
      'price': 3.8143,
      'priceValue': 5,
      'property': 262.117,
      'propertyProcentage': 7455.9071,
      'seriesSetup': None,
      'stopDate': None,
      'value': 9,
      'when': '18-01-2026',
    }),
    dict({
      'aconto': 81.2891,
      'corresponding': 274.9729,
      'cumulativePrice': 234.5047,
      'date': '2026-01-19T00:00:00',
      'dateValueTemplate': '19-01-2026',
      'formerPeriode': 1.8695,
      'headline': 'Electricity consumption {Value} ',
      'interval': 0,
      'maxValue': 1.9914,
      'message': '{PeriodeFrom}',
      'minValue': 3.8181,
      'national': None,
      'nationalProcentage': None,
      'outsideTemperature': None,
      'percent': None,
      'periodeFrom': '19-01-2026',
      'periodeTo': '20-01-2026',
      'price': 2.6715,
      'priceValue': 2,
      'property': 227.3978,
      'propertyProcentage': 5232.1415,
      'seriesSetup': None,
      'stopDate': None,
      'value': 6,
      'when': '19-01-2026',
    }),
    dict({
      'aconto': 145.5385,
      'corresponding': 350.8182,
      'cumulativePrice': 318.2479,
      'date': '2026-01-20T00:00:00',
      'dateValueTemplate': '20-01-2026',
      'formerPeriode': 0.2149,
      'headline': 'Electricity consumption {Value} ',
      'interval': 0,
      'maxValue': 2.4447,
      'message': '{PeriodeFrom}',
      'minValue': 4.8578,
      'national': None,
      'nationalProcentage': None,
      'outsideTemperature': None,
      'percent': None,
      'periodeFrom': '20-01-2026',
      'periodeTo': '21-01-2026',
      'price': 4.3689,
      'priceValue': 8,
      'property': 218.9272,
      'propertyProcentage': 8849.4933,
      'seriesSetup': None,
      'stopDate': None,
      'value': 5,
      'when': '20-01-2026',
    }),
    dict({
      'aconto': 72.4462,
      'corresponding': 218.9993,
      'cumulativePrice': 192.8023,
      'date': '2026-01-21T00:00:00',
      'dateValueTemplate': '21-01-2026',
      'formerPeriode': 0.2073,
      'headline': 'Electricity consumption {Value} ',
      'interval': 0,
      'maxValue': 4.5696,
      'message': '{PeriodeFrom}',
      'minValue': 3.2469,
      'national': None,
      'nationalProcentage': None,
      'outsideTemperature': None,
      'percent': None,
      'periodeFrom': '21-01-2026',
      'periodeTo': '22-01-2026',
      'price': 1.5639,
      'priceValue': 10,
      'property': 448.8941,
      'propertyProcentage': 18464.747,
      'seriesSetup': None,
      'stopDate': None,
      'value': 7,
      'when': '21-01-2026',
    }),
    dict({
      'aconto': 85.9325,
      'corresponding': 128.6264,
      'cumulativePrice': 105.4883,
      'date': '2026-01-22T00:00:00',
      'dateValueTemplate': '22-01-2026',
      'formerPeriode': 1.2791,
      'headline': 'Electricity consumption {Value} ',
      'interval': 0,
      'maxValue': 3.7396,
      'message': '{PeriodeFrom}',
      'minValue': 2.0637,
      'national': None,
      'nationalProcentage': None,
      'outsideTemperature': None,
      'percent': None,
      'periodeFrom': '22-01-2026',
      'periodeTo': '23-01-2026',
      'price': 1.4804,
      'priceValue': 6,
      'property': 263.806,
      'propertyProcentage': 8801,
      'seriesSetup': None,
      'stopDate': None,
      'value': 4,
      'when': '22-01-2026',
    }),
    dict({
      'aconto': 55.8952,
      'corresponding': 369.512,
      'cumulativePrice': 421.8762,
      'date': '2026-01-23T00:00:00',
      'dateValueTemplate': '23-01-2026',
      'formerPeriode': 1.2942,
      'headline': 'Electricity consumption {Value} ',
      'interval': 0,
      'maxValue': 2.6184,
      'message': '{PeriodeFrom}',
      'minValue': 2.6968,
      'national': None,
      'nationalProcentage': None,
      'outsideTemperature': None,
      'percent': None,
      'periodeFrom': '23-01-2026',
      'periodeTo': '24-01-2026',
      'price': 2.907,
      'priceValue': 2,
      'property': 267.7356,
      'propertyProcentage': 16468.0061,
      'seriesSetup': None,
      'stopDate': None,
      'value': 7,
      'when': '23-01-2026',
    }),
    dict({
      'aconto': 134.7579,
      'corresponding': 374.9533,
      'cumulativePrice': 234.396,
      'date': '2026-01-24T00:00:00',
      'dateValueTemplate': '24-01-2026',
      'formerPeriode': 0.2164,
      'headline': 'Electricity consumption {Value} ',
      'interval': 0,
      'maxValue': 1.2248,
      'message': '{PeriodeFrom}',
      'minValue': 2.4361,
      'national': None,
      'nationalProcentage': None,
      'outsideTemperature': None,
      'percent': None,
      'periodeFrom': '24-01-2026',
      'periodeTo': '25-01-2026',
      'price': 3.4584,
      'priceValue': 4,
      'property': 474.7359,
      'propertyProcentage': 7030.3816,
      'seriesSetup': None,
      'stopDate': None,
      'value': 4,
      'when': '24-01-2026',
    }),
    dict({
      'aconto': 114.2573,
      'corresponding': 398.4311,
      'cumulativePrice': 579.6213,
      'date': '2026-01-25T00:00:00',
      'dateValueTemplate': '25-01-2026',
      'formerPeriode': 1.523,
      'headline': 'Electricity consumption {Value} ',
      'interval': 0,
      'maxValue': 4.0671,
      'message': '{PeriodeFrom}',
      'minValue': 2.7757,
      'national': None,
      'nationalProcentage': None,
      'outsideTemperature': None,
      'percent': None,
      'periodeFrom': '25-01-2026',
      'periodeTo': '26-01-2026',
      'price': 3.6378,
      'priceValue': 6,
      'property': 447.2648,
      'propertyProcentage': 17663.8826,
      'seriesSetup': None,
      'stopDate': None,
      'value': 6,
      'when': '25-01-2026',
    }),
    dict({
      'aconto': 71.2956,
      'corresponding': 195.4156,
      'cumulativePrice': 136.5924,
      'date': '2026-01-26T00:00:00',
      'dateValueTemplate': '26-01-2026',
      'formerPeriode': 0.417,
      'headline': 'Electricity consumption {Value} ',
      'interval': 0,
      'maxValue': 3.7032,
      'message': '{PeriodeFrom}',
      'minValue': 3.5846,
      'national': None,
      'nationalProcentage': None,
      'outsideTemperature': None,
      'percent': None,
      'periodeFrom': '26-01-2026',
      'periodeTo': '27-01-2026',
      'price': 3.2352,
      'priceValue': 6,
      'property': 214.2248,
      'propertyProcentage': 8585.0823,
      'seriesSetup': None,
      'stopDate': None,
      'value': 4,
      'when': '26-01-2026',
    }),
    dict({
      'aconto': 58.929,
      'corresponding': 187.2326,
      'cumulativePrice': 575.6339,
      'date': '2026-01-27T00:00:00',
      'dateValueTemplate': '27-01-2026',
      'formerPeriode': 1.3513,
      'headline': 'Electricity consumption {Value} ',
      'interval': 0,
      'maxValue': 1.1174,
      'message': '{PeriodeFrom}',
      'minValue': 2.2102,
      'national': None,
      'nationalProcentage': None,
      'outsideTemperature': None,
      'percent': None,
      'periodeFrom': '27-01-2026',
      'periodeTo': '28-01-2026',
      'price': 4.9984,
      'priceValue': 3,
      'property': 359.0221,
      'propertyProcentage': 5289.3715,
      'seriesSetup': None,
      'stopDate': None,
      'value': 4,
      'when': '27-01-2026',
    }),
    dict({
      'aconto': 109.6394,
      'corresponding': 208.9264,
      'cumulativePrice': 211.2147,
      'date': '2026-01-28T00:00:00',
      'dateValueTemplate': '28-01-2026',
      'formerPeriode': 1.0127,
      'headline': 'Electricity consumption {Value} ',
      'interval': 0,
      'maxValue': 2.9276,
      'message': '{PeriodeFrom}',
      'minValue': 3.3089,
      'national': None,
      'nationalProcentage': None,
      'outsideTemperature': None,
      'percent': None,
      'periodeFrom': '28-01-2026',
      'periodeTo': '29-01-2026',
      'price': 2.1087,
      'priceValue': 8,
      'property': 423.1082,
      'propertyProcentage': 10231,
      'seriesSetup': None,
      'stopDate': None,
      'value': 5,
      'when': '28-01-2026',
    }),
    dict({
      'aconto': 147.6707,
      'corresponding': 157.5097,
      'cumulativePrice': 184.2259,
      'date': '2026-01-29T00:00:00',
      'dateValueTemplate': '29-01-2026',
      'formerPeriode': 0.1377,
      'headline': 'Electricity consumption {Value} ',
      'interval': 0,
      'maxValue': 3.7995,
      'message': '{PeriodeFrom}',
      'minValue': 4.338,
      'national': None,
      'nationalProcentage': None,
      'outsideTemperature': None,
      'percent': None,
      'periodeFrom': '29-01-2026',
      'periodeTo': '30-01-2026',
      'price': 3.4303,
      'priceValue': 2,
      'property': 341.0011,
      'propertyProcentage': 17642.1999,
      'seriesSetup': None,
      'stopDate': None,
      'value': 8,
      'when': '29-01-2026',
    }),
    dict({
      'aconto': 129.8225,
      'corresponding': 126.078,
      'cumulativePrice': 383.3397,
      'date': '2026-01-30T00:00:00',
      'dateValueTemplate': '30-01-2026',
      'formerPeriode': 1.837,
      'headline': 'Electricity consumption {Value} ',
      'interval': 0,
      'maxValue': 3.8197,
      'message': '{PeriodeFrom}',
      'minValue': 3.6514,
      'national': None,
      'nationalProcentage': None,
      'outsideTemperature': None,
      'percent': None,
      'periodeFrom': '30-01-2026',
      'periodeTo': '31-01-2026',
      'price': 3.4643,
      'priceValue': 2,
      'property': 307.2984,
      'propertyProcentage': 14566.8972,
      'seriesSetup': None,
      'stopDate': None,
      'value': 7,
      'when': '30-01-2026',
    }),
    dict({
      'aconto': 140.7944,
      'corresponding': 272.3733,
      'cumulativePrice': 239.3503,
      'date': '2026-01-31T00:00:00',
      'dateValueTemplate': '31-01-2026',
      'formerPeriode': 1.5791,
      'headline': 'Electricity consumption {Value} ',
      'interval': 0,
      'maxValue': 3.6407,
      'message': '{PeriodeFrom}',
      'minValue': 1.3197,
      'national': None,
      'nationalProcentage': None,
      'outsideTemperature': None,
      'percent': None,
      'periodeFrom': '31-01-2026',
      'periodeTo': '01-02-2026',
      'price': 2.8658,
      'priceValue': 8,
      'property': 425.027,
      'propertyProcentage': 10771.1181,
      'seriesSetup': None,
      'stopDate': None,
      'value': 3,
      'when': '31-01-2026',
    }),
    dict({
      'aconto': 50.439,
      'corresponding': 348.5505,
      'cumulativePrice': 388.9532,
      'date': '2026-02-01T00:00:00',
      'dateValueTemplate': '01-02-2026',
      'formerPeriode': 0.5158,
      'headline': 'Electricity consumption {Value} ',
      'interval': 0,
      'maxValue': 1.771,
      'message': '{PeriodeFrom}',
      'minValue': 1.3542,
      'national': None,
      'nationalProcentage': None,
      'outsideTemperature': None,
      'percent': None,
      'periodeFrom': '01-02-2026',
      'periodeTo': '02-02-2026',
      'price': 1.9645,
      'priceValue': 1,
      'property': 351.4914,
      'propertyProcentage': 5364.8399,
      'seriesSetup': None,
      'stopDate': None,
      'value': 1,
      'when': '01-02-2026',
    }),
    dict({
      'aconto': 133.1194,
      'corresponding': 183.3856,
      'cumulativePrice': 430.3392,
      'date': '2026-02-02T00:00:00',
      'dateValueTemplate': '02-02-2026',
      'formerPeriode': 0.7578,
      'headline': 'Electricity consumption {Value} ',
      'interval': 0,
      'maxValue': 4.508,
      'message': '{PeriodeFrom}',
      'minValue': 3.8142,
      'national': None,
      'nationalProcentage': None,
      'outsideTemperature': None,
      'percent': None,
      'periodeFrom': '02-02-2026',
      'periodeTo': '03-02-2026',
      'price': 4.0099,
      'priceValue': 6,
      'property': 272.4581,
      'propertyProcentage': 16044.3528,
      'seriesSetup': None,
      'stopDate': None,
      'value': 10,
      'when': '02-02-2026',
    }),
    dict({
      'aconto': 86.3336,
      'corresponding': 141.7361,
      'cumulativePrice': 541.8248,
      'date': '2026-02-03T00:00:00',
      'dateValueTemplate': '03-02-2026',
      'formerPeriode': 1.9133,
      'headline': 'Electricity consumption {Value} ',
      'interval': 0,
      'maxValue': 4.015,
      'message': '{PeriodeFrom}',
      'minValue': 1.6548,
      'national': None,
      'nationalProcentage': None,
      'outsideTemperature': None,
      'percent': None,
      'periodeFrom': '03-02-2026',
      'periodeTo': '04-02-2026',
      'price': 3.6547,
      'priceValue': 7,
      'property': 337.5782,
      'propertyProcentage': 8961.0123,
      'seriesSetup': None,
      'stopDate': None,
      'value': 4,
      'when': '03-02-2026',
    }),
    dict({
      'aconto': 88.2535,
      'corresponding': 309.2512,
      'cumulativePrice': 129.949,
      'date': '2026-02-04T00:00:00',
      'dateValueTemplate': '04-02-2026',
      'formerPeriode': 0.6066,
      'headline': 'Electricity consumption {Value} ',
      'interval': 0,
      'maxValue': 2.6475,
      'message': '{PeriodeFrom}',
      'minValue': 1.2625,
      'national': None,
      'nationalProcentage': None,
      'outsideTemperature': None,
      'percent': None,
      'periodeFrom': '04-02-2026',
      'periodeTo': '05-02-2026',
      'price': 4.7593,
      'priceValue': 3,
      'property': 346.8529,
      'propertyProcentage': 18624.1328,
      'seriesSetup': None,
      'stopDate': None,
      'value': 5,
      'when': '04-02-2026',
    }),
    dict({
      'aconto': 134.2638,
      'corresponding': 383.6548,
      'cumulativePrice': 241.4977,
      'date': '2026-02-05T00:00:00',
      'dateValueTemplate': '05-02-2026',
      'formerPeriode': 1.0555,
      'headline': 'Electricity consumption {Value} ',
      'interval': 0,
      'maxValue': 4.313,
      'message': '{PeriodeFrom}',
      'minValue': 3.4541,
      'national': None,
      'nationalProcentage': None,
      'outsideTemperature': None,
      'percent': None,
      'periodeFrom': '05-02-2026',
      'periodeTo': '06-02-2026',
      'price': 1.5637,
      'priceValue': 10,
      'property': 204.5276,
      'propertyProcentage': 9549.548,
      'seriesSetup': None,
      'stopDate': None,
      'value': 10,
      'when': '05-02-2026',
    }),
    dict({
      'aconto': 145.6871,
      'corresponding': 334.7658,
      'cumulativePrice': 494.8174,
      'date': '2026-02-06T00:00:00',
      'dateValueTemplate': '06-02-2026',
      'formerPeriode': 1.4513,
      'headline': 'Electricity consumption {Value} ',
      'interval': 0,
      'maxValue': 4.2911,
      'message': '{PeriodeFrom}',
      'minValue': 3.0164,
      'national': None,
      'nationalProcentage': None,
      'outsideTemperature': None,
      'percent': None,
      'periodeFrom': '06-02-2026',
      'periodeTo': '07-02-2026',
      'price': 1.0716,
      'priceValue': 6,
      'property': 239.3509,
      'propertyProcentage': 6460.1054,
      'seriesSetup': None,
      'stopDate': None,
      'value': 1,
      'when': '06-02-2026',
    }),
    dict({
      'aconto': 81.6069,
      'corresponding': 116.0818,
      'cumulativePrice': 520.2588,
      'date': '2026-02-07T00:00:00',
      'dateValueTemplate': '07-02-2026',
      'formerPeriode': 1.8533,
      'headline': 'Electricity consumption {Value} ',
      'interval': 0,
      'maxValue': 4.0843,
      'message': '{PeriodeFrom}',
      'minValue': 2.3795,
      'national': None,
      'nationalProcentage': None,
      'outsideTemperature': None,
      'percent': None,
      'periodeFrom': '07-02-2026',
      'periodeTo': '08-02-2026',
      'price': 1.7568,
      'priceValue': 1,
      'property': 464.3739,
      'propertyProcentage': 8386.3647,
      'seriesSetup': None,
      'stopDate': None,
      'value': 9,
      'when': '07-02-2026',
    }),
    dict({
      'aconto': 123.7568,
      'corresponding': 338.4871,
      'cumulativePrice': 473.0224,
      'date': '2026-02-08T00:00:00',
      'dateValueTemplate': '08-02-2026',
      'formerPeriode': 1.8113,
      'headline': 'Electricity consumption {Value} ',
      'interval': 0,
      'maxValue': 1.5223,
      'message': '{PeriodeFrom}',
      'minValue': 1.1136,
      'national': None,
      'nationalProcentage': None,
      'outsideTemperature': None,
      'percent': None,
      'periodeFrom': '08-02-2026',
      'periodeTo': '09-02-2026',
      'price': 2.3471,
      'priceValue': 7,
      'property': 377.42,
      'propertyProcentage': 16309.8266,
      'seriesSetup': None,
      'stopDate': None,
      'value': 6,
      'when': '08-02-2026',
    }),
    dict({
      'aconto': 80.6388,
      'corresponding': 157.7772,
      'cumulativePrice': 418.8379,
      'date': '2026-02-09T00:00:00',
      'dateValueTemplate': '09-02-2026',
      'formerPeriode': 1.8047,
      'headline': 'Electricity consumption {Value} ',
      'interval': 0,
      'maxValue': 2.7825,
      'message': '{PeriodeFrom}',
      'minValue': 3.8545,
      'national': None,
      'nationalProcentage': None,
      'outsideTemperature': None,
      'percent': None,
      'periodeFrom': '09-02-2026',
      'periodeTo': '10-02-2026',
      'price': 3.4838,
      'priceValue': 7,
      'property': 430.9828,
      'propertyProcentage': 14359.4513,
      'seriesSetup': None,
      'stopDate': None,
      'value': 7,
      'when': '09-02-2026',
    }),
    dict({
      'aconto': 98.4571,
      'corresponding': 275.7961,
      'cumulativePrice': 317.4295,
      'date': '2026-02-10T00:00:00',
      'dateValueTemplate': '10-02-2026',
      'formerPeriode': 1.0986,
      'headline': 'Electricity consumption {Value} ',
      'interval': 0,
      'maxValue': 3.3738,
      'message': '{PeriodeFrom}',
      'minValue': 4,
      'national': None,
      'nationalProcentage': None,
      'outsideTemperature': None,
      'percent': None,
      'periodeFrom': '10-02-2026',
      'periodeTo': '11-02-2026',
      'price': 4.8402,
      'priceValue': 3,
      'property': 248.0562,
      'propertyProcentage': 7273.9841,
      'seriesSetup': None,
      'stopDate': None,
      'value': 4,
      'when': '10-02-2026',
    }),
    dict({
      'aconto': None,
      'corresponding': None,
      'cumulativePrice': 544,
      'date': '2026-02-11T00:00:00',
      'dateValueTemplate': '11-02-2026',
      'formerPeriode': None,
      'headline': 'Electricity consumption {Value} ',
      'interval': 0,
      'maxValue': None,
      'message': '',
      'minValue': None,
      'national': None,
      'nationalProcentage': None,
      'outsideTemperature': None,
      'percent': None,
      'periodeFrom': None,
      'periodeTo': None,
      'price': None,
      'priceValue': None,
      'property': None,
      'propertyProcentage': None,
      'seriesSetup': None,
      'stopDate': None,
      'value': None,
      'when': '11-02-2026',
    }),
    dict({
      'aconto': None,
      'corresponding': None,
      'cumulativePrice': 241,
      'date': '2026-02-12T00:00:00',
      'dateValueTemplate': '12-02-2026',
      'formerPeriode': None,
      'headline': 'Electricity consumption {Value} ',
      'interval': 0,
      'maxValue': None,
      'message': '',
      'minValue': None,
      'national': None,
      'nationalProcentage': None,
      'outsideTemperature': None,
      'percent': None,
      'periodeFrom': None,
      'periodeTo': None,
      'price': None,
      'priceValue': None,
      'property': None,
      'propertyProcentage': None,
      'seriesSetup': None,
      'stopDate': None,
      'value': None,
      'when': '12-02-2026',
    }),
    dict({
      'aconto': None,
      'corresponding': None,
      'cumulativePrice': 239,
      'date': '2026-02-13T00:00:00',
      'dateValueTemplate': '13-02-2026',
      'formerPeriode': None,
      'headline': 'Electricity consumption {Value} ',
      'interval': 0,
      'maxValue': None,
      'message': '',
      'minValue': None,
      'national': None,
      'nationalProcentage': None,
      'outsideTemperature': None,
      'percent': None,
      'periodeFrom': None,
      'periodeTo': None,
      'price': None,
      'priceValue': None,
      'property': None,
      'propertyProcentage': None,
      'seriesSetup': None,
      'stopDate': None,
      'value': None,
      'when': '13-02-2026',
    }),
  ])
# ---
# name: test_dk_get_graph_data_snapshot[Electricity-Economy-day]
  list([
    dict({
      'aconto': 9.8894,
      'corresponding': 230.9539,
      'cumulativePrice': 30.9423,
      'date': '2026-01-19T00:00:00',
      'dateValueTemplate': '19-01-2026',
      'formerPeriode': 3.6156,
      'headline': 'You used {PriceValue} kr.',
      'interval': 1,
      'maxValue': 0.0096,
      'message': '{PeriodeFrom}',
      'minValue': 0.806,
      'national': None,
      'nationalProcentage': None,
      'outsideTemperature': None,
      'percent': None,
      'periodeFrom': '19-01-2026',
      'periodeTo': '20-01-2026',
      'price': 10,
      'priceValue': 1,
      'property': 306.1808,
      'propertyProcentage': 85441.0627,
      'seriesSetup': None,
      'stopDate': None,
      'value': 0,
      'when': '19-01-2026',
    }),
    dict({
      'aconto': 14.9377,
      'corresponding': 139.12,
      'cumulativePrice': 66.954,
      'date': '2026-01-20T00:00:00',
      'dateValueTemplate': '20-01-2026',
      'formerPeriode': 0.2716,
      'headline': 'You used {PriceValue} kr.',
      'interval': 1,
      'maxValue': 0.2451,
      'message': '{PeriodeFrom}',
      'minValue': 0.1099,
      'national': None,
      'nationalProcentage': None,
      'outsideTemperature': None,
      'percent': None,
      'periodeFrom': '20-01-2026',
      'periodeTo': '21-01-2026',
      'price': 3,
      'priceValue': 0,
      'property': 212.5992,
      'propertyProcentage': 183378.5525,
      'seriesSetup': None,
      'stopDate': None,
      'value': 2,
      'when': '20-01-2026',
    }),
    dict({
      'aconto': 7.507,
      'corresponding': 213.326,
      'cumulativePrice': 88.0299,
      'date': '2026-01-21T00:00:00',
      'dateValueTemplate': '21-01-2026',
      'formerPeriode': 0.795,
      'headline': 'You used {PriceValue} kr.',
      'interval': 1,
      'maxValue': 0.6803,
      'message': '{PeriodeFrom}',
      'minValue': 0.1438,
      'national': None,
      'nationalProcentage': None,
      'outsideTemperature': None,
      'percent': None,
      'periodeFrom': '21-01-2026',
      'periodeTo': '22-01-2026',
      'price': 4,
      'priceValue': 1,
      'property': 329.9903,
      'propertyProcentage': 65103.0383,
      'seriesSetup': None,
      'stopDate': None,
      'value': 1,
      'when': '21-01-2026',
    }),
    dict({
      'aconto': 10.3575,
      'corresponding': 118.3663,
      'cumulativePrice': 13.546,
      'date': '2026-01-22T00:00:00',
      'dateValueTemplate': '22-01-2026',
      'formerPeriode': 2.9745,
      'headline': 'You used {PriceValue} kr.',
      'interval': 1,
      'maxValue': 0.9193,
      'message': '{PeriodeFrom}',
      'minValue': 0.7269,
      'national': None,
      'nationalProcentage': None,
      'outsideTemperature': None,
      'percent': None,
      'periodeFrom': '22-01-2026',
      'periodeTo': '23-01-2026',
      'price': 2,
      'priceValue': 4,
      'property': 250.6521,
      'propertyProcentage': 45525,
      'seriesSetup': None,
      'stopDate': None,
      'value': 2,
      'when': '22-01-2026',
    }),
    dict({
      'aconto': 14.5687,
      'corresponding': 178.8243,
      'cumulativePrice': 66.0957,
      'date': '2026-01-23T00:00:00',
      'dateValueTemplate': '23-01-2026',
      'formerPeriode': 4.403,
      'headline': 'You used {PriceValue} kr.',
      'interval': 1,
      'maxValue': 0.5619,
      'message': '{PeriodeFrom}',
      'minValue': 0.2339,
      'national': None,
      'nationalProcentage': None,
      'outsideTemperature': None,
      'percent': None,
      'periodeFrom': '23-01-2026',
      'periodeTo': '24-01-2026',
      'price': 3,
      'priceValue': 4,
      'property': 490.9105,
      'propertyProcentage': 164757.4232,
      'seriesSetup': None,
      'stopDate': None,
      'value': 0,
      'when': '23-01-2026',
    }),
    dict({
      'aconto': 6.1761,
      'corresponding': 159.002,
      'cumulativePrice': 27.7651,
      'date': '2026-01-24T00:00:00',
      'dateValueTemplate': '24-01-2026',
      'formerPeriode': 3.4569,
      'headline': 'You used {PriceValue} kr.',
      'interval': 1,
      'maxValue': 0.6042,
      'message': '{PeriodeFrom}',
      'minValue': 0.9753,
      'national': None,
      'nationalProcentage': None,
      'outsideTemperature': None,
      'percent': None,
      'periodeFrom': '24-01-2026',
      'periodeTo': '25-01-2026',
      'price': 3,
      'priceValue': 5,
      'property': 253.3981,
      'propertyProcentage': 37648.8256,
      'seriesSetup': None,
      'stopDate': None,
      'value': 3,
      'when': '24-01-2026',
    }),
    dict({
      'aconto': 11.3585,
      'corresponding': 369.0151,
      'cumulativePrice': 27.8267,
      'date': '2026-01-25T00:00:00',
      'dateValueTemplate': '25-01-2026',
      'formerPeriode': 1.7974,
      'headline': 'You used {PriceValue} kr.',
      'interval': 1,
      'maxValue': 0.9725,
      'message': '{PeriodeFrom}',
      'minValue': 0.8689,
      'national': None,
      'nationalProcentage': None,
      'outsideTemperature': None,
      'percent': None,
      'periodeFrom': '25-01-2026',
      'periodeTo': '26-01-2026',
      'price': 2,
      'priceValue': 0,
      'property': 412.8517,
      'propertyProcentage': 122020.8212,
      'seriesSetup': None,
      'stopDate': None,
      'value': 0,
      'when': '25-01-2026',
    }),
    dict({
      'aconto': 9.227,
      'corresponding': 257.2576,
      'cumulativePrice': 35.6651,
      'date': '2026-01-26T00:00:00',
      'dateValueTemplate': '26-01-2026',
      'formerPeriode': 1.8388,
      'headline': 'You used {PriceValue} kr.',
      'interval': 1,
      'maxValue': 0.0009,
      'message': '{PeriodeFrom}',
      'minValue': 0.0317,
      'national': None,
      'nationalProcentage': None,
      'outsideTemperature': None,
      'percent': None,
      'periodeFrom': '26-01-2026',
      'periodeTo': '27-01-2026',
      'price': 3,
      'priceValue': 4,
      'property': 480.9114,
      'propertyProcentage': 82317.8,
      'seriesSetup': None,
      'stopDate': None,
      'value': 3,
      'when': '26-01-2026',
    }),
    dict({
      'aconto': 5.5127,
      'corresponding': 149.8599,
      'cumulativePrice': 77.2505,
      'date': '2026-01-27T00:00:00',
      'dateValueTemplate': '27-01-2026',
      'formerPeriode': 1.5568,
      'headline': 'You used {PriceValue} kr.',
      'interval': 1,
      'maxValue': 0.1589,
      'message': '{PeriodeFrom}',
      'minValue': 0.9126,
      'national': None,
      'nationalProcentage': None,
      'outsideTemperature': None,
      'percent': None,
      'periodeFrom': '27-01-2026',
      'periodeTo': '28-01-2026',
      'price': 8,
      'priceValue': 0,
      'property': 341.9116,
      'propertyProcentage': 129496.3381,
      'seriesSetup': None,
      'stopDate': None,
      'value': 1,
      'when': '27-01-2026',
    }),
    dict({
      'aconto': 14.9458,
      'corresponding': 378.8619,
      'cumulativePrice': 36.1191,
      'date': '2026-01-28T00:00:00',
      'dateValueTemplate': '28-01-2026',
      'formerPeriode': 3.7665,
      'headline': 'You used {PriceValue} kr.',
      'interval': 1,
      'maxValue': 0.7751,
      'message': '{PeriodeFrom}',
      'minValue': 0.9322,
      'national': None,
      'nationalProcentage': None,
      'outsideTemperature': None,
      'percent': None,
      'periodeFrom': '28-01-2026',
      'periodeTo': '29-01-2026',
      'price': 10,
      'priceValue': 5,
      'property': 332.338,
      'propertyProcentage': 187259,
      'seriesSetup': None,
      'stopDate': None,
      'value': 5,
      'when': '28-01-2026',
    }),
    dict({
      'aconto': 11.0228,
      'corresponding': 371.0527,
      'cumulativePrice': 96.7195,
      'date': '2026-01-29T00:00:00',
      'dateValueTemplate': '29-01-2026',
      'formerPeriode': 4.978,
      'headline': 'You used {PriceValue} kr.',
      'interval': 1,
      'maxValue': 0.5837,
      'message': '{PeriodeFrom}',
      'minValue': 0.0792,
      'national': None,
      'nationalProcentage': None,
      'outsideTemperature': None,
      'percent': None,
      'periodeFrom': '29-01-2026',
      'periodeTo': '30-01-2026',
      'price': 5,
      'priceValue': 1,
      'property': 220.5409,
      'propertyProcentage': 67260.4116,
      'seriesSetup': None,
      'stopDate': None,
      'value': 4,
      'when': '29-01-2026',
    }),
    dict({
      'aconto': 13.3773,
      'corresponding': 364.0038,
      'cumulativePrice': 55.6714,
      'date': '2026-01-30T00:00:00',
      'dateValueTemplate': '30-01-2026',
      'formerPeriode': 4.0305,
      'headline': 'You used {PriceValue} kr.',
      'interval': 1,
      'maxValue': 0.3876,
      'message': '{PeriodeFrom}',
      'minValue': 0.4583,
      'national': None,
      'nationalProcentage': None,
      'outsideTemperature': None,
      'percent': None,
      'periodeFrom': '30-01-2026',
      'periodeTo': '31-01-2026',
      'price': 7,
      'priceValue': 3,
      'property': 415.8375,
      'propertyProcentage': 68030.1008,
      'seriesSetup': None,
      'stopDate': None,
      'value': 5,
      'when': '30-01-2026',
    }),
    dict({
      'aconto': 14.9439,
      'corresponding': 375.4163,
      'cumulativePrice': 43.7441,
      'date': '2026-01-31T00:00:00',
      'dateValueTemplate': '31-01-2026',
      'formerPeriode': 0.2858,
      'headline': 'You used {PriceValue} kr.',
      'interval': 1,
      'maxValue': 0.668,
      'message': '{PeriodeFrom}',
      'minValue': 0.456,
      'national': None,
      'nationalProcentage': None,
      'outsideTemperature': None,
      'percent': None,
      'periodeFrom': '31-01-2026',
      'periodeTo': '01-02-2026',
      'price': 10,
      'priceValue': 4,
      'property': 335.3352,
      'propertyProcentage': 59462.9902,
      'seriesSetup': None,
      'stopDate': None,
      'value': 0,
      'when': '31-01-2026',
    }),
    dict({
      'aconto': 13.6455,
      'corresponding': 386.2587,
      'cumulativePrice': 61.1817,
      'date': '2026-02-01T00:00:00',
      'dateValueTemplate': '01-02-2026',
      'formerPeriode': 2.7617,
      'headline': 'You used {PriceValue} kr.',
      'interval': 1,
      'maxValue': 0.0106,
      'message': '{PeriodeFrom}',
      'minValue': 0.1474,
      'national': None,
      'nationalProcentage': None,
      'outsideTemperature': None,
      'percent': None,
      'periodeFrom': '01-02-2026',
      'periodeTo': '02-02-2026',
      'price': 1,
      'priceValue': 4,
      'property': 202.6194,
      'propertyProcentage': 59989.5648,
      'seriesSetup': None,
      'stopDate': None,
      'value': 1,
      'when': '01-02-2026',
    }),
    dict({
      'aconto': 12.7736,
      'corresponding': 276.1124,
      'cumulativePrice': 11.4969,
      'date': '2026-02-02T00:00:00',
      'dateValueTemplate': '02-02-2026',
      'formerPeriode': 2.5779,
      'headline': 'You used {PriceValue} kr.',
      'interval': 1,
      'maxValue': 0.3721,
      'message': '{PeriodeFrom}',
      'minValue': 0.0875,
      'national': None,
      'nationalProcentage': None,
      'outsideTemperature': None,
      'percent': None,
      'periodeFrom': '02-02-2026',
      'periodeTo': '03-02-2026',
      'price': 10,
      'priceValue': 0,
      'property': 368.8158,
      'propertyProcentage': 150995.748,
      'seriesSetup': None,
      'stopDate': None,
      'value': 0,
      'when': '02-02-2026',
    }),
    dict({
      'aconto': 8.3035,
      'corresponding': 198.8624,
      'cumulativePrice': 78.4206,
      'date': '2026-02-03T00:00:00',
      'dateValueTemplate': '03-02-2026',
      'formerPeriode': 0.3981,
      'headline': 'You used {PriceValue} kr.',
      'interval': 1,
      'maxValue': 0.3433,
      'message': '{PeriodeFrom}',
      'minValue': 0.9369,
      'national': None,
      'nationalProcentage': None,
      'outsideTemperature': None,
      'percent': None,
      'periodeFrom': '03-02-2026',
      'periodeTo': '04-02-2026',
      'price': 8,
      'priceValue': 1,
      'property': 204.7733,
      'propertyProcentage': 27227.2921,
      'seriesSetup': None,
      'stopDate': None,
      'value': 5,
      'when': '03-02-2026',
    }),
    dict({
      'aconto': 14.2296,
      'corresponding': 219.3131,
      'cumulativePrice': 98.9273,
      'date': '2026-02-04T00:00:00',
      'dateValueTemplate': '04-02-2026',
      'formerPeriode': 3.2427,
      'headline': 'You used {PriceValue} kr.',
      'interval': 1,
      'maxValue': 0.5283,
      'message': '{PeriodeFrom}',
      'minValue': 0.9797,
      'national': None,
      'nationalProcentage': None,
      'outsideTemperature': None,
      'percent': None,
      'periodeFrom': '04-02-2026',
      'periodeTo': '05-02-2026',
      'price': 5,
      'priceValue': 5,
      'property': 391.9098,
      'propertyProcentage': 22930.7112,
      'seriesSetup': None,
      'stopDate': None,
      'value': 3,
      'when': '04-02-2026',
    }),
    dict({
      'aconto': 5.2278,
      'corresponding': 186.8319,
      'cumulativePrice': 74.1235,
      'date': '2026-02-05T00:00:00',
      'dateValueTemplate': '05-02-2026',
      'formerPeriode': 0.6916,
      'headline': 'You used {PriceValue} kr.',
      'interval': 1,
      'maxValue': 0.2758,
      'message': '{PeriodeFrom}',
      'minValue': 0.4157,
      'national': None,
      'nationalProcentage': None,
      'outsideTemperature': None,
      'percent': None,
      'periodeFrom': '05-02-2026',
      'periodeTo': '06-02-2026',
      'price': 0,
      'priceValue': 1,
      'property': 278.3384,
      'propertyProcentage': 155929.971,
      'seriesSetup': None,
      'stopDate': None,
      'value': 4,
      'when': '05-02-2026',
    }),
    dict({
      'aconto': 11.7373,
      'corresponding': 166.6459,
      'cumulativePrice': 36.6876,
      'date': '2026-02-06T00:00:00',
      'dateValueTemplate': '06-02-2026',
      'formerPeriode': 2.0826,
      'headline': 'You used {PriceValue} kr.',
      'interval': 1,
      'maxValue': 0.4307,
      'message': '{PeriodeFrom}',
      'minValue': 0.4469,
      'national': None,
      'nationalProcentage': None,
      'outsideTemperature': None,
      'percent': None,
      'periodeFrom': '06-02-2026',
      'periodeTo': '07-02-2026',
      'price': 2,
      'priceValue': 4,
      'property': 236.2789,
      'propertyProcentage': 110888.7069,
      'seriesSetup': None,
      'stopDate': None,
      'value': 1,
      'when': '06-02-2026',
    }),
    dict({
      'aconto': 7.3193,
      'corresponding': 288.6712,
      'cumulativePrice': 50.2278,
      'date': '2026-02-07T00:00:00',
      'dateValueTemplate': '07-02-2026',
      'formerPeriode': 3.2023,
      'headline': 'You used {PriceValue} kr.',
      'interval': 1,
      'maxValue': 0.1665,
      'message': '{PeriodeFrom}',
      'minValue': 0.9555,
      'national': None,
      'nationalProcentage': None,
      'outsideTemperature': None,
      'percent': None,
      'periodeFrom': '07-02-2026',
      'periodeTo': '08-02-2026',
      'price': 3,
      'priceValue': 5,
      'property': 391.2663,
      'propertyProcentage': 171290.5728,
      'seriesSetup': None,
      'stopDate': None,
      'value': 2,
      'when': '07-02-2026',
    }),
    dict({
      'aconto': 11.251,
      'corresponding': 293.6183,
      'cumulativePrice': 90.5232,
      'date': '2026-02-08T00:00:00',
      'dateValueTemplate': '08-02-2026',
      'formerPeriode': 2.8881,
      'headline': 'You used {PriceValue} kr.',
      'interval': 1,
      'maxValue': 0.3845,
      'message': '{PeriodeFrom}',
      'minValue': 0.3858,
      'national': None,
      'nationalProcentage': None,
      'outsideTemperature': None,
      'percent': None,
      'periodeFrom': '08-02-2026',
      'periodeTo': '09-02-2026',
      'price': 0,
      'priceValue': 3,
      'property': 286.469,
      'propertyProcentage': 42195.3126,
      'seriesSetup': None,
      'stopDate': None,
      'value': 4,
      'when': '08-02-2026',
    }),
    dict({
      'aconto': 14.1373,
      'corresponding': 196.1408,
      'cumulativePrice': 52.5634,
      'date': '2026-02-09T00:00:00',
      'dateValueTemplate': '09-02-2026',
      'formerPeriode': 2.6905,
      'headline': 'You used {PriceValue} kr.',
      'interval': 1,
      'maxValue': 0.9114,
      'message': '{PeriodeFrom}',
      'minValue': 0.2189,
      'national': None,
      'nationalProcentage': None,
      'outsideTemperature': None,
      'percent': None,
      'periodeFrom': '09-02-2026',
      'periodeTo': '10-02-2026',
      'price': 3,
      'priceValue': 1,
      'property': 299.0083,
      'propertyProcentage': 144075.6949,
      'seriesSetup': None,
      'stopDate': None,
      'value': 1,
      'when': '09-02-2026',
    }),
    dict({
      'aconto': 14.3966,
      'corresponding': 145.159,
      'cumulativePrice': 85.9375,
      'date': '2026-02-10T00:00:00',
      'dateValueTemplate': '10-02-2026',
      'formerPeriode': 2.4301,
      'headline': 'You used {PriceValue} kr.',
      'interval': 1,
      'maxValue': 0.6055,
      'message': '{PeriodeFrom}',
      'minValue': 1,
      'national': None,
      'nationalProcentage': None,
      'outsideTemperature': None,
      'percent': None,
      'periodeFrom': '10-02-2026',
      'periodeTo': '11-02-2026',
      'price': 2,
      'priceValue': 0,
      'property': 318.4257,
      'propertyProcentage': 123237.1906,
      'seriesSetup': None,
      'stopDate': None,
      'value': 2,
      'when': '10-02-2026',
    }),
  ])
# ---
# name: test_dk_get_graph_data_snapshot[Heat-Consumption-day]
  list([
    dict({
      'aconto': 20.2468,
      'corresponding': 34.504,
      'cumulativePrice': 961.5779,
      'date': '2026-02-07T00:00:00',
      'dateValueTemplate': '07-02-2026',
      'formerPeriode': 43.3375,
      'headline': 'Heat consumption {Value} counts',
      'interval': 0,
      'maxValue': 57.6226,
      'message': '{PeriodeFrom}',
      'minValue': 11.9782,
      'national': None,
      'nationalProcentage': None,
      'outsideTemperature': None,
      'percent': None,
      'periodeFrom': '07-02-2026',
      'periodeTo': '08-02-2026',
      'price': 29.0258,
      'priceValue': 28,
      'property': 35.9558,
      'propertyProcentage': 66.2315,
      'seriesSetup': None,
      'stopDate': None,
      'value': 72,
      'when': '07-02-2026',
    }),
    dict({
      'aconto': 56.3274,
      'corresponding': 25.564,
      'cumulativePrice': 4424.6284,
      'date': '2026-02-08T00:00:00',
      'dateValueTemplate': '08-02-2026',
      'formerPeriode': 42.4965,
      'headline': 'Heat consumption {Value} counts',
      'interval': 0,
      'maxValue': 34.5082,
      'message': '{PeriodeFrom}',
      'minValue': 7.8662,
      'national': None,
      'nationalProcentage': None,
      'outsideTemperature': None,
      'percent': None,
      'periodeFrom': '08-02-2026',
      'periodeTo': '09-02-2026',
      'price': 51.338,
      'priceValue': 35,
      'property': 42.2322,
      'propertyProcentage': 72.6707,
      'seriesSetup': None,
      'stopDate': None,
      'value': 31,
      'when': '08-02-2026',
    }),
    dict({
      'aconto': 50.1599,
      'corresponding': 31.2517,
      'cumulativePrice': 2854.475,
      'date': '2026-02-09T00:00:00',
      'dateValueTemplate': '09-02-2026',
      'formerPeriode': 48,
      'headline': 'Heat consumption {Value} counts',
      'interval': 0,
      'maxValue': 38.0514,
      'message': '{PeriodeFrom}',
      'minValue': 8.1321,
      'national': None,
      'nationalProcentage': None,
      'outsideTemperature': None,
      'percent': None,
      'periodeFrom': '09-02-2026',
      'periodeTo': '10-02-2026',
      'price': 82.4159,
      'priceValue': 34,
      'property': 47.3172,
      'propertyProcentage': 76.6751,
      'seriesSetup': None,
      'stopDate': None,
      'value': 77,
      'when': '09-02-2026',
    }),
    dict({
      'aconto': 81.5977,
      'corresponding': 15.599,
      'cumulativePrice': 2114.8096,
      'date': '2026-02-10T00:00:00',
      'dateValueTemplate': '10-02-2026',
      'formerPeriode': 42,
      'headline': 'Heat consumption {Value} counts',
      'interval': 0,
      'maxValue': 46.5079,
      'message': '{PeriodeFrom}',
      'minValue': 5,
      'national': None,
      'nationalProcentage': None,
      'outsideTemperature': None,
      'percent': None,
      'periodeFrom': '10-02-2026',
      'periodeTo': '11-02-2026',
      'price': 70.148,
      'priceValue': 14,
      'property': 42.4587,
      'propertyProcentage': 86.7858,
      'seriesSetup': None,
      'stopDate': None,
      'value': 70,
      'when': '10-02-2026',
    }),
    dict({
      'aconto': None,
      'corresponding': None,
      'cumulativePrice': 938,
      'date': '2026-02-11T00:00:00',
      'dateValueTemplate': '11-02-2026',
      'formerPeriode': None,
      'headline': 'Heat consumption {Value} counts',
      'interval': 0,
      'maxValue': None,
      'message': '',
      'minValue': None,
      'national': None,
      'nationalProcentage': None,
      'outsideTemperature': None,
      'percent': None,
      'periodeFrom': None,
      'periodeTo': None,
      'price': None,
      'priceValue': None,
      'property': None,
      'propertyProcentage': None,
      'seriesSetup': None,
      'stopDate': None,
      'value': None,
      'when': '11-02-2026',
    }),
    dict({
      'aconto': None,
      'corresponding': None,
      'cumulativePrice': 2643,
      'date': '2026-02-12T00:00:00',
      'dateValueTemplate': '12-02-2026',
      'formerPeriode': None,
      'headline': 'Heat consumption {Value} counts',
      'interval': 0,
      'maxValue': None,
      'message': '',
      'minValue': None,
      'national': None,
      'nationalProcentage': None,
      'outsideTemperature': None,
      'percent': None,
      'periodeFrom': None,
      'periodeTo': None,
      'price': None,
      'priceValue': None,
      'property': None,
      'propertyProcentage': None,
      'seriesSetup': None,
      'stopDate': None,
      'value': None,
      'when': '12-02-2026',
    }),
    dict({
      'aconto': None,
      'corresponding': None,
      'cumulativePrice': 4105,
      'date': '2026-02-13T00:00:00',
      'dateValueTemplate': '13-02-2026',
      'formerPeriode': None,
      'headline': 'Heat consumption {Value} counts',
      'interval': 0,
      'maxValue': None,
      'message': '',
      'minValue': None,
      'national': None,
      'nationalProcentage': None,
      'outsideTemperature': None,
      'percent': None,
      'periodeFrom': None,
      'periodeTo': None,
      'price': None,
      'priceValue': None,
      'property': None,
      'propertyProcentage': None,
      'seriesSetup': None,
      'stopDate': None,
      'value': None,
      'when': '13-02-2026',
    }),
  ])
# ---
# name: test_dk_get_graph_data_snapshot[Heat-Economy-day]
  list([
    dict({
      'aconto': 102.4405,
      'corresponding': 36.1685,
      'cumulativePrice': 1709.4284,
      'date': '2026-02-02T00:00:00',
      'dateValueTemplate': '02-02-2026',
      'formerPeriode': 32,
      'headline': 'You used {PriceValue} kr.',
      'interval': 1,
      'maxValue': 33.9196,
      'message': '{PeriodeFrom}',
      'minValue': 13.0739,
      'national': None,
      'nationalProcentage': None,
      'outsideTemperature': None,
      'percent': None,
      'periodeFrom': '02-02-2026',
      'periodeTo': '03-02-2026',
      'price': 31,
      'priceValue': 25,
      'property': 33.407,
      'propertyProcentage': 49.781,
      'seriesSetup': None,
      'stopDate': None,
      'value': 76,
      'when': '02-02-2026',
    }),
    dict({
      'aconto': 164.8231,
      'corresponding': 38.4953,
      'cumulativePrice': 185.2636,
      'date': '2026-02-03T00:00:00',
      'dateValueTemplate': '03-02-2026',
      'formerPeriode': 23.1297,
      'headline': 'You used {PriceValue} kr.',
      'interval': 1,
      'maxValue': 56.8386,
      'message': '{PeriodeFrom}',
      'minValue': 18,
      'national': None,
      'nationalProcentage': None,
      'outsideTemperature': None,
      'percent': None,
      'periodeFrom': '03-02-2026',
      'periodeTo': '04-02-2026',
      'price': 101,
      'priceValue': 74,
      'property': 51.2981,
      'propertyProcentage': 43.1546,
      'seriesSetup': None,
      'stopDate': None,
      'value': 46,
      'when': '03-02-2026',
    }),
  ])
# ---
# name: test_dk_get_meter_types_snapshot
  dict({
    'co2': None,
    'electricity': dict({
      'compare': dict({
        'aconto': False,
        'comparePeriode': True,
        'installation': False,
        'national': False,
        'outsideTemperature': False,
        'property': True,
      }),
      'interval': dict({
        'day': True,
        'hour': False,
        'month': True,
        'week': True,
        'year': True,
      }),
      'unit': 'kWh',
      'useEcoData': True,
    }),
    'energy': None,
    'heat': dict({
      'compare': dict({
        'aconto': False,
        'comparePeriode': True,
        'installation': False,
        'national': False,
        'outsideTemperature': False,
        'property': True,
      }),
      'interval': dict({
        'day': True,
        'hour': False,
        'month': True,
        'week': True,
        'year': True,
      }),
      'unit': 'Delinger',
      'useEcoData': True,
    }),
    'humidity': None,
    'humonic': None,
    'noise': None,
    'temperature': None,
    'temperatureOut': None,
    'waterCold': None,
    'waterHot': None,
  })
# ---
# name: test_dk_get_meters_snapshot
  dict({
    'Meters': dict({
      'Value': list([
        dict({
          'Activation_date': '2018-04-06T00:00:00',
          'Deactivation_date': '3000-01-01T00:00:00',
          'Headline': 'Varme',
          'INST_NO': 0,
          'Last_Meter_Consumption': 15,
          'Last_Meter_Reading': 8151,
          'METCAT_LABEL': 'Doprimo 3 SoC',
          'METER_ID': 0,
          'METER_NO': '000000000',
          'METTYPE_CODE': None,
          'Message': ' ',
          'MeterText': 'Varme',
          'MeterType': 'HCA',
          'ROOM_DESCR': 'Bathroom',
          'Reading_date': '03-02-2026',
          'Unit': 'Delinger',
        }),
        dict({
          'Activation_date': '2018-04-06T00:00:00',
          'Deactivation_date': '3000-01-01T00:00:00',
          'Headline': 'Varme',
          'INST_NO': 0,
          'Last_Meter_Consumption': 16,
          'Last_Meter_Reading': 4485,
          'METCAT_LABEL': 'Doprimo 3 SoC/fj',
          'METER_ID': 0,
          'METER_NO': '000000000',
          'METTYPE_CODE': None,
          'Message': ' ',
          'MeterText': 'Varme',
          'MeterType': 'HCA',
          'ROOM_DESCR': 'Family kitchen',
          'Reading_date': '03-02-2026',
          'Unit': 'Delinger',
        }),
        dict({
          'Activation_date': '2018-04-06T13:12:32',
          'Deactivation_date': '3000-01-01T00:00:00',
          'Headline': 'El',
          'INST_NO': 0,
          'Last_Meter_Consumption': 0,
          'Last_Meter_Reading': 0,
          'METCAT_LABEL': 'ABB',
          'METER_ID': 0,
          'METER_NO': '000000',
          'METTYPE_CODE': None,
          'Message': ' ',
          'MeterText': 'El',
          'MeterType': 'EL',
          'ROOM_DESCR': '',
          'Reading_date': None,
          'Unit': 'kWh',
        }),
        dict({
          'Activation_date': '2020-02-25T00:00:00',
          'Deactivation_date': '3000-01-01T00:00:00',
          'Headline': None,
          'INST_NO': 0,
          'Last_Meter_Consumption': 0,
          'Last_Meter_Reading': 0,
          'METCAT_LABEL': 'Fumonic',
          'METER_ID': 0,
          'METER_NO': '0000000',
          'METTYPE_CODE': None,
          'Message': None,
          'MeterText': 'Røg',
          'MeterType': 'SMOKE',
          'ROOM_DESCR': '',
          'Reading_date': None,
          'Unit': ' ',
        }),
      ]),
    }),
    'errorMessage': dict({
      'ErrorType': '',
      'InternalMessage': '',
      'UserMessage': '',
    }),
  })
# ---
# name: test_dk_get_user_info_snapshot
  dict({
    'Address': 'Nørrebrogade 56',
    'Email': 'max.istamann@example.com',
    'Language': 'da-DK',
    'Name': 'Max Istamann',
    'Phone': 'max.istamann@example.com',
    'ShowClimate': False,
    'ShowEconomy': True,
    'Username': '00000000000',
    'ZipCity': 'København N',
  })
# ---
# name: test_dk_get_user_settings_snapshot
  dict({
    'Mail': 'max.istamann@example.com',
    'Phone': 'max.istamann@example.com',
    'PreferredProgram': 1,
    'TenantCount': 1,
    'UseDayValues': True,
    'UseHourValues': True,
    'receiveNotification': True,
    'receiveNotificationByMail': True,
    'receiveNotificationByPhone': True,
  })
# ---
